[devhostco.xyz/madifax/index.html]
[backblue.gif]
[fade.gif]
[index.html]
[devhostco.xyz/madifax/images/favicone.png]
[devhostco.xyz/madifax/css/all.min.css]
[devhostco.xyz/madifax/css/bootstrap.min.css]
[devhostco.xyz/madifax/css/venobox.min.css]
[devhostco.xyz/madifax/css/custom_spacing.css]
[devhostco.xyz/madifax/css/select2.min.css]
[devhostco.xyz/madifax/css/slick.css]
[devhostco.xyz/madifax/css/animate.css]
[devhostco.xyz/madifax/css/style.css]
[devhostco.xyz/madifax/css/responsive.css]
[unpkg.com/@majidh1/jalalidatepicker@0.9.4/dist/jalalidatepicker.min.css]
[unpkg.com/@majidh1/jalalidatepicker@0.9.4/dist/jalalidatepicker.min.js]
[devhostco.xyz/madifax/images/Logo_1.png]
[devhostco.xyz/madifax/index_2.html]
[devhostco.xyz/madifax/index_3.html]
[devhostco.xyz/madifax/about.html]
[devhostco.xyz/madifax/service.html]
[devhostco.xyz/madifax/become_doctor.html]
[devhostco.xyz/madifax/blog_details.html]
[devhostco.xyz/madifax/service_details.html]
[devhostco.xyz/madifax/doctor.html]
[devhostco.xyz/madifax/doctor_details.html]
[devhostco.xyz/madifax/gallary.html]
[devhostco.xyz/madifax/pricing.html]
[devhostco.xyz/madifax/payment.html]
[devhostco.xyz/madifax/dashboard.html]
[devhostco.xyz/madifax/error.html]
[devhostco.xyz/madifax/faq.html]
[devhostco.xyz/madifax/sign_in.html]
[devhostco.xyz/madifax/sing_up.html]
[devhostco.xyz/madifax/forgot_password.html]
[devhostco.xyz/madifax/privacy_policy.html]
[devhostco.xyz/madifax/terms_condition.html]
[devhostco.xyz/madifax/blog.html]
[devhostco.xyz/madifax/contact.html]
[devhostco.xyz/madifax/appointment.html]
[devhostco.xyz/madifax/images/banner_bg.jpg]
[devhostco.xyz/madifax/images/banner_img.png]
[devhostco.xyz/madifax/images/react.png]
[devhostco.xyz/madifax/images/Video-call.png]
[devhostco.xyz/madifax/images/Call.png]
[devhostco.xyz/madifax/images/Review.png]
[devhostco.xyz/madifax/images/about-img1.jpg]
[devhostco.xyz/madifax/images/about_img2.jpg]
[devhostco.xyz/madifax/images/service_bg.jpg]
[devhostco.xyz/madifax/images/service-1.jpg]
[devhostco.xyz/madifax/images/service-2.jpg]
[devhostco.xyz/madifax/images/service-3.jpg]
[devhostco.xyz/madifax/images/faq-img.jpg]
[devhostco.xyz/madifax/images/work_bg.jpg]
[devhostco.xyz/madifax/images/appointment_bg.jpg]
[devhostco.xyz/madifax/images/appoinment_img.png]
[devhostco.xyz/madifax/images/helpline_img.png]
[devhostco.xyz/madifax/images/team-1.jpg]
[devhostco.xyz/madifax/images/team-2.jpg]
[devhostco.xyz/madifax/images/team-3.jpg]
[devhostco.xyz/madifax/images/team-4.jpg]
[devhostco.xyz/madifax/images/review-1.png]
[devhostco.xyz/madifax/images/review-2.png]
[devhostco.xyz/madifax/images/review-3.png]
[devhostco.xyz/madifax/images/blog-1.jpg]
[devhostco.xyz/madifax/images/blog-2.jpg]
[devhostco.xyz/madifax/images/blog-3.jpg]
[devhostco.xyz/madifax/images/footer_bg.jpg]
[devhostco.xyz/madifax/images/footer_logo.png]
[devhostco.xyz/madifax/team.html]
[devhostco.xyz/madifax/privacy.html]
[devhostco.xyz/madifax/priceing.html]
[devhostco.xyz/madifax/js/jquery-3.7.0.min.js]
[devhostco.xyz/madifax/js/bootstrap.bundle.min.js]
[devhostco.xyz/madifax/js/Font-Awesome.js]
[devhostco.xyz/madifax/js/jquery.countup.min.js]
[devhostco.xyz/madifax/js/jquery.waypoints.min.js]
[devhostco.xyz/madifax/js/select2.min.js]
[devhostco.xyz/madifax/js/slick.min.js]
[devhostco.xyz/madifax/js/sticky_sidebar.js]
[devhostco.xyz/madifax/js/venobox.min.js]
[devhostco.xyz/madifax/js/wow.min.js]
[devhostco.xyz/madifax/index.html]
[devhostco.xyz/madifax/js/main.js]
[devhostco.xyz/madifax/fonts/fa-brands-400.eot]
[devhostco.xyz/madifax/fonts/fa-brands-400.woff2]
[devhostco.xyz/madifax/fonts/fa-brands-400.woff]
[devhostco.xyz/madifax/fonts/fa-brands-400.ttf]
[devhostco.xyz/madifax/images/fa-brands-400.svg]
[devhostco.xyz/madifax/fonts/fa-regular-400.eot]
[devhostco.xyz/madifax/fonts/fa-regular-400.woff2]
[devhostco.xyz/madifax/fonts/fa-regular-400.woff]
[devhostco.xyz/madifax/fonts/fa-regular-400.ttf]
[devhostco.xyz/madifax/images/fa-regular-400.svg]
[devhostco.xyz/madifax/fonts/fa-solid-900.eot]
[devhostco.xyz/madifax/fonts/fa-solid-900.woff2]
[devhostco.xyz/madifax/fonts/fa-solid-900.woff]
[devhostco.xyz/madifax/fonts/fa-solid-900.ttf]
[devhostco.xyz/madifax/css/all.min.css]
[devhostco.xyz/madifax/css/bootstrap.min.css]
[devhostco.xyz/madifax/css/venobox.min.css]
[devhostco.xyz/madifax/css/custom_spacing.css]
[devhostco.xyz/madifax/css/select2.min.css]
[devhostco.xyz/madifax/css/slick.css]
[devhostco.xyz/madifax/css/animate.css]
[devhostco.xyz/madifax/images/fa-solid-900.svg]
[devhostco.xyz/madifax/fonts/IRANYekanBlack.ttf]
[devhostco.xyz/madifax/fonts/IRANYekanThin.ttf]
[devhostco.xyz/madifax/fonts/IRANYekanMedium.ttf]
[devhostco.xyz/madifax/fonts/IRANSansWeb_Medium.woff]
[devhostco.xyz/madifax/fonts/IRANSansWeb_Light.woff]
[devhostco.xyz/madifax/fonts/IRANSansWeb_Bold.woff]
[devhostco.xyz/madifax/fonts/IRANSansWeb_UltraLight.woff]
[devhostco.xyz/madifax/fonts/Estedad-Thin.woff2]
[devhostco.xyz/madifax/fonts/Estedad-ExtraBold.woff2]
[devhostco.xyz/madifax/fonts/Estedad-Bold.woff2]
[devhostco.xyz/madifax/fonts/Estedad-Light.woff2]
[devhostco.xyz/madifax/fonts/Estedad-ExtraLight.woff2]
[devhostco.xyz/madifax/fonts/Estedad-Medium.woff2]
[devhostco.xyz/madifax/fonts/Estedad-SemiBold.woff2]
[devhostco.xyz/madifax/images/arrow_icon.png]
[devhostco.xyz/madifax/images/breadcrumb_bg.jpg]
[devhostco.xyz/madifax/images/shape-1.png]
[devhostco.xyz/madifax/images/banner_img_bg.png]
[devhostco.xyz/madifax/images/shape-5.png]
[devhostco.xyz/madifax/images/about_shape1.png]
[devhostco.xyz/madifax/images/Vector-min.png]
[devhostco.xyz/madifax/images/Vecto-plusr.png]
[devhostco.xyz/madifax/images/shape-6.png]
[devhostco.xyz/madifax/images/shape-2.png]
[devhostco.xyz/madifax/images/process_shape.png]
[devhostco.xyz/madifax/images/helpline_img2.png]
[devhostco.xyz/madifax/images/review-shape.png]
[devhostco.xyz/madifax/images/shape-4.png]
[devhostco.xyz/madifax/images/home-2-banner-icon.png]
[devhostco.xyz/madifax/images/text-cap.png]
[devhostco.xyz/madifax/images/text-arrow-icon.png]
[devhostco.xyz/madifax/images/pie-chart.png]
[devhostco.xyz/madifax/images/round-shape-for-banner.png]
[devhostco.xyz/madifax/images/searc_bg.jpg]
[devhostco.xyz/madifax/images/half-round-about-shape.png]
[devhostco.xyz/madifax/images/dot-dot-about-shape.png]
[devhostco.xyz/madifax/images/newslatter-shape.png]
[devhostco.xyz/madifax/images/shape-7.png]
[devhostco.xyz/madifax/images/dashboard_overview_shape.png]
[devhostco.xyz/madifax/images/calendar.png]
[devhostco.xyz/madifax/css/style.css]
[devhostco.xyz/madifax/css/responsive.css]
[unpkg.com/@majidh1/jalalidatepicker@0.9.4/dist/jalalidatepicker.min.css]
[devhostco.xyz/madifax/images/Logo_2.png]
[devhostco.xyz/madifax/images/home_tow_banner_bg.jpg]
[devhostco.xyz/madifax/images/home-banner-tow.png]
[devhostco.xyz/madifax/images/categories-icon-1.png]
[devhostco.xyz/madifax/images/categories-icon-2.png]
[devhostco.xyz/madifax/images/categories-icon-3.png]
[devhostco.xyz/madifax/images/categories-icon-4.png]
[devhostco.xyz/madifax/images/categories-icon-6.png]
[devhostco.xyz/madifax/images/categories-icon-5.png]
[devhostco.xyz/madifax/images/appointment-man-icon.png]
[devhostco.xyz/madifax/images/about-our-company.png]
[devhostco.xyz/madifax/images/signature.png]
[devhostco.xyz/madifax/images/medical-service-bg.jpg]
[devhostco.xyz/madifax/images/our-medical-service-item-one.jpg]
[devhostco.xyz/madifax/images/medical-service-icon-one.png]
[devhostco.xyz/madifax/images/our-medical-service-item-two.jpg]
[devhostco.xyz/madifax/images/medical-service-icon-two.png]
[devhostco.xyz/madifax/images/our-medical-service-item-three.jpg]
[devhostco.xyz/madifax/images/medical-service-icon-three.png]
[devhostco.xyz/madifax/images/our-medical-service-item-four.jpg]
[devhostco.xyz/madifax/images/project-one.jpg]
[devhostco.xyz/madifax/images/project-tow.jpg]
[devhostco.xyz/madifax/images/project-three.jpg]
[devhostco.xyz/madifax/images/project-four.jpg]
[devhostco.xyz/madifax/images/project-five.jpg]
[devhostco.xyz/madifax/images/project-six.jpg]
[devhostco.xyz/madifax/images/testimonial-bg.jpg]
[devhostco.xyz/madifax/images/tweet1.jpg]
[devhostco.xyz/madifax/images/tweet2.jpg]
[devhostco.xyz/madifax/images/tweet3.jpg]
[devhostco.xyz/madifax/images/team-one.png]
[devhostco.xyz/madifax/images/team-two.png]
[devhostco.xyz/madifax/images/team-three.png]
[devhostco.xyz/madifax/images/team-four.png]
[devhostco.xyz/madifax/images/appointment_bg_2.jpg]
[devhostco.xyz/madifax/images/madifax-logo.png]
[devhostco.xyz/madifax/images/blog-8.jpg]
[devhostco.xyz/madifax/images/blog-9.jpg]
[devhostco.xyz/madifax/images/blog-10.jpg]
[devhostco.xyz/madifax/images/company-one.png]
[devhostco.xyz/madifax/images/company-two.png]
[devhostco.xyz/madifax/images/company-three.png]
[devhostco.xyz/madifax/images/company-four.png]
[devhostco.xyz/madifax/images/company-five.png]
[devhostco.xyz/madifax/images/footer-2-bg.png]
[devhostco.xyz/madifax/images/footer-top-left-image.png]
[devhostco.xyz/madifax/images/footer-logo-white.png]
[devhostco.xyz/madifax/index_2.html]
[devhostco.xyz/madifax/images/Logo_3.png]
[devhostco.xyz/madifax/images/banner-bg-h3.jpg]
[devhostco.xyz/madifax/images/about-img-1.png]
[devhostco.xyz/madifax/images/about-img-2.png]
[devhostco.xyz/madifax/images/appontment-bg-h3.jpg]
[devhostco.xyz/madifax/images/helpline-vactor.png]
[devhostco.xyz/madifax/images/footer-three-bg.jpg]
[devhostco.xyz/madifax/images/footer-three-logo.png]
[devhostco.xyz/madifax/index_3.html]
[devhostco.xyz/madifax/images/counter_bg.jpg]
[devhostco.xyz/madifax/about.html]
[devhostco.xyz/madifax/images/service-5.jpg]
[devhostco.xyz/madifax/images/service-6.jpg]
[devhostco.xyz/madifax/images/service-7.jpg]
[devhostco.xyz/madifax/images/service-8.jpg]
[devhostco.xyz/madifax/service.html]
[devhostco.xyz/madifax/become_doctor.html]
[devhostco.xyz/madifax/images/blog_dtls-1.jpg]
[devhostco.xyz/madifax/images/comment-1.png]
[devhostco.xyz/madifax/images/comment-2.png]
[devhostco.xyz/madifax/images/comment-3.png]
[devhostco.xyz/madifax/images/blog_dtls-2.jpg]
[devhostco.xyz/madifax/images/blog_dtls-3.jpg]
[devhostco.xyz/madifax/images/blog_dtls-4.jpg]
[devhostco.xyz/madifax/blog_details.html]
[devhostco.xyz/madifax/images/service_dtls-1.jpg]
[devhostco.xyz/madifax/images/service_dtls-3.jpg]
[devhostco.xyz/madifax/images/service_dtls-4.jpg]
[devhostco.xyz/madifax/images/service_dtls-5.jpg]
[devhostco.xyz/madifax/service_details.html]
[devhostco.xyz/madifax/doctor.html]
[devhostco.xyz/madifax/doctor_details.html]
[devhostco.xyz/madifax/images/gallary-1.jpg]
[devhostco.xyz/madifax/images/gallary-2.jpg]
[devhostco.xyz/madifax/images/gallary-6.jpg]
[devhostco.xyz/madifax/images/gallary-3.jpg]
[devhostco.xyz/madifax/images/gallary-4.jpg]
[devhostco.xyz/madifax/images/gallary-7.jpg]
[devhostco.xyz/madifax/images/gallary-5.jpg]
[devhostco.xyz/madifax/gallary.html]
[devhostco.xyz/madifax/pricing.html]
[devhostco.xyz/madifax/images/payment-1.jpg]
[devhostco.xyz/madifax/images/payment-2.jpg]
[devhostco.xyz/madifax/images/payment-3.jpg]
[devhostco.xyz/madifax/images/payment-4.jpg]
[devhostco.xyz/madifax/images/payment-5.jpg]
[devhostco.xyz/madifax/images/payment-6.jpg]
[devhostco.xyz/madifax/payment.html]
[devhostco.xyz/madifax/images/user_img.png]
[devhostco.xyz/madifax/dashboard_appoinment.html]
[devhostco.xyz/madifax/dashboard_trannsaction_history.html]
[devhostco.xyz/madifax/dashboard_meeting_history.html]
[devhostco.xyz/madifax/dashboard_upcoming_meeting.html]
[devhostco.xyz/madifax/dashboard_message.html]
[devhostco.xyz/madifax/dashboard_profile_edit.html]
[devhostco.xyz/madifax/dashboard.html]
[devhostco.xyz/madifax/images/errore-img.png]
[devhostco.xyz/madifax/error.html]
[devhostco.xyz/madifax/faq.html]
[devhostco.xyz/madifax/images/Facebook-img.jpg]
[devhostco.xyz/madifax/images/twtter-img.jpg]
[devhostco.xyz/madifax/images/Google-img.jpg]
[devhostco.xyz/madifax/sign_in.html]
[devhostco.xyz/madifax/sing_up.html]
[devhostco.xyz/madifax/forgot_password.html]
[devhostco.xyz/madifax/privacy_policy.html]
[devhostco.xyz/madifax/terms_condition.html]
[devhostco.xyz/madifax/images/blog-6.jpg]
[devhostco.xyz/madifax/images/blog-4.jpg]
[devhostco.xyz/madifax/images/blog-5.jpg]
[devhostco.xyz/madifax/images/blog-7.jpg]
[devhostco.xyz/madifax/blog.html]
[devhostco.xyz/madifax/images/contact_img.jpg]
[devhostco.xyz/madifax/contact.html]
[devhostco.xyz/madifax/images/appoinment_page_img.png]
[devhostco.xyz/madifax/appointment.html]
[devhostco.xyz/madifax/team.html]
[devhostco.xyz/madifax/privacy.html]
[devhostco.xyz/madifax/priceing.html]
[devhostco.xyz/madifax/images/fa-brands-400.svg]
[devhostco.xyz/madifax/images/fa-regular-400.svg]
[devhostco.xyz/madifax/images/fa-solid-900.svg]
[devhostco.xyz/madifax/dashboard_appoinment.html]
[devhostco.xyz/madifax/dashboard_trannsaction_history.html]
[devhostco.xyz/madifax/dashboard_meeting_history.html]
[devhostco.xyz/madifax/dashboard_upcoming_meeting.html]
[devhostco.xyz/madifax/images/massage-1.png]
[devhostco.xyz/madifax/images/massage-2.png]
[devhostco.xyz/madifax/images/massage-3.png]
[devhostco.xyz/madifax/images/massage-4.png]
[devhostco.xyz/madifax/images/massage-5.png]
[devhostco.xyz/madifax/images/massage-6.png]
[devhostco.xyz/madifax/images/massage-7.png]
[devhostco.xyz/madifax/images/massage-8.png]
[devhostco.xyz/madifax/dashboard_message.html]
[devhostco.xyz/madifax/dashboard_profile_edit.html]
